✔ [2398/2451] Built HoffmanChromatic.Detector
✔ [2402/2469] Built HoffmanChromatic.RankColoring
✔ [2408/2469] Built HoffmanChromatic.Counting
✔ [2412/2469] Built HoffmanChromatic.Geometry
✔ [2413/2469] Built HoffmanChromatic.FiniteLaw
✔ [2415/2469] Built HoffmanChromatic.Arithmetic
✔ [2416/2469] Built HoffmanChromatic.Targets
✔ [2418/2469] Built HoffmanChromatic.CoefficientRank
✔ [2419/2469] Built HoffmanChromatic.MultinomialCount
✔ [2420/2469] Built HoffmanChromatic.FiniteProduct
✔ [2421/2469] Built HoffmanChromatic.LogEnclosure
✔ [2422/2469] Built HoffmanChromatic.GibbsRate
✔ [2423/2469] Built HoffmanChromatic.DetectorIndex
✔ [2424/2469] Built HoffmanChromatic.EuclideanBridge
✔ [2425/2469] Built HoffmanChromatic.StirlingBounds
✔ [2426/2469] Built HoffmanChromatic.DimensionCover
✔ [2427/2469] Built HoffmanChromatic.MultinomialRate
✔ [2428/2469] Built HoffmanChromatic.SphericalLayer
✔ [2429/2469] Built HoffmanChromatic.BinomialEntropy
✔ [2430/2469] Built HoffmanChromatic.TypeGrowth
✔ [2431/2469] Built HoffmanChromatic.UniformEntropy
✔ [2432/2469] Built HoffmanChromatic.BinomialWindow
✔ [2433/2469] Built HoffmanChromatic.BinomialMode
✔ [2434/2469] Built HoffmanChromatic.BinomialPolynomial
✔ [2435/2469] Built HoffmanChromatic.NewtonData
✔ [2436/2469] Built HoffmanChromatic.MixturePolynomial
✔ [2437/2469] Built HoffmanChromatic.SeriesBridge
✔ [2438/2469] Built HoffmanChromatic.MixtureUpper
✔ [2439/2469] Built HoffmanChromatic.CoordinateFactor
✔ [2440/2469] Built HoffmanChromatic.FiniteBound
✔ [2441/2469] Built HoffmanChromatic.MixtureLower
✔ [2442/2469] Built HoffmanChromatic.Alphabets
✔ [2443/2469] Built HoffmanChromatic.MixtureCoefficient
✔ [2444/2469] Built HoffmanChromatic.CoefficientEstimates
✔ [2445/2469] Built HoffmanChromatic.TiltedPolynomial
✔ [2446/2469] Built HoffmanChromatic.TypeChromatic
✔ [2447/2469] Built HoffmanChromatic.SaddlePoint
✔ [2448/2469] Built HoffmanChromatic.UniformCoefficient
✔ [2449/2469] Built HoffmanChromatic.Subsequence
✔ [2450/2469] Built HoffmanChromatic.RateConcavity
✔ [2451/2469] Built HoffmanChromatic.TypeLogBound
✔ [2452/2469] Built HoffmanChromatic.WeightedCoefficient
✔ [2453/2469] Built HoffmanChromatic.RateBracket
✔ [2454/2469] Built HoffmanChromatic.CoefficientRatio
✔ [2455/2469] Built HoffmanChromatic.HandTypes
✔ [2456/2469] Built HoffmanChromatic.RateCover
✔ [2457/2469] Built HoffmanChromatic.SharpParameters
✔ [2458/2469] Built HoffmanChromatic.MixedCover
✔ [2459/2469] Built HoffmanChromatic.Rounded
✔ [2460/2469] Built HoffmanChromatic.Results
✔ [2461/2469] Built HoffmanChromatic.UniformRate
✔ [2462/2469] Built HoffmanChromatic.InteriorCertificates
✔ [2463/2469] Built HoffmanChromatic.SharpCertificates
✔ [2464/2469] Built HoffmanChromatic.SharpCrossing
✔ [2465/2469] Built HoffmanChromatic.SharpCover
✔ [2466/2469] Built HoffmanChromatic.Uniform
✔ [2467/2469] Built HoffmanChromatic.DirectStatements
✔ [2468/2469] Built HoffmanChromatic
Build completed successfully.
